test/cli/folder-input-dir-and-file/input/bar.rb:3: `String("bar.rb")` does not match `Integer` for argument `arg0` https://srb.help/7002
     3 |1 + "bar.rb"
        ^^^^^^^^^^^^
    https://github.com/sorbet/sorbet/tree/master/rbi/core/integer.rbi#L104: Method `Integer#+` has specified `arg0` as `Integer`
     104 |        arg0: Integer,
                  ^^^^
  Got String("bar.rb") originating from:
    test/cli/folder-input-dir-and-file/input/bar.rb:3:
     3 |1 + "bar.rb"
            ^^^^^^^^

test/cli/folder-input-dir-and-file/input/subfolder/baz.rb:4: `String("baz.rb")` does not match `Integer` for argument `arg0` https://srb.help/7002
     4 |1 + "baz.rb"
        ^^^^^^^^^^^^
    https://github.com/sorbet/sorbet/tree/master/rbi/core/integer.rbi#L104: Method `Integer#+` has specified `arg0` as `Integer`
     104 |        arg0: Integer,
                  ^^^^
  Got String("baz.rb") originating from:
    test/cli/folder-input-dir-and-file/input/subfolder/baz.rb:4:
     4 |1 + "baz.rb"
            ^^^^^^^^

test/cli/folder-input-dir-and-file/foo.rb:4: `String("foo.rb")` does not match `Integer` for argument `arg0` https://srb.help/7002
     4 |1 + "foo.rb"
        ^^^^^^^^^^^^
    https://github.com/sorbet/sorbet/tree/master/rbi/core/integer.rbi#L104: Method `Integer#+` has specified `arg0` as `Integer`
     104 |        arg0: Integer,
                  ^^^^
  Got String("foo.rb") originating from:
    test/cli/folder-input-dir-and-file/foo.rb:4:
     4 |1 + "foo.rb"
            ^^^^^^^^
Errors: 3
